ELF file SHA256: 32b51ac36

Rebooting...
���ESP-ROM:esp32s3-20210327
Build:Mar 27 2021
rst:0xc (RTC_SW_CPU_RST),boot:0x8 (SPI_FAST_FLASH_BOOT)
Saved PC:0x40375c88
--- 0x40375c88: esp_restart_noos at C:/Espressif/frameworks/esp-idf-v5.3.1/components/esp_system/port/soc/esp32s3/system_internal.c:158

SPIWP:0xee
mode:DIO, clock div:1
load:0x3fce2810,len:0x178c
load:0x403c8700,len:0x4
load:0x403c8704,len:0xcb8
load:0x403cb700,len:0x2db0
entry 0x403c8914
I (31) boot: ESP-IDF v5.3.1-dirty 2nd stage bootloader
I (31) boot: compile time Dec 17 2025 11:55:34
I (31) boot: Multicore bootloader
I (35) boot: chip revision: v0.2
I (39) boot.esp32s3: Boot SPI Speed : 80MHz
I (43) boot.esp32s3: SPI Mode       : DIO
I (48) boot.esp32s3: SPI Flash Size : 4MB
I (53) boot: Enabling RNG early entropy source...
I (58) boot: Partition Table:
I (62) boot: ## Label            Usage          Type ST Offset   Length
I (69) boot:  0 nvs              WiFi data        01 02 00009000 00006000
I (77) boot:  1 phy_init         RF data          01 01 0000f000 00001000
I (84) boot:  2 factory          factory app      00 00 00010000 00300000
I (92) boot: End of partition table
I (96) esp_image: segment 0: paddr=00010020 vaddr=3c0b0020 size=3a440h (238656) map
I (147) esp_image: segment 1: paddr=0004a468 vaddr=3fc99a00 size=048a4h ( 18596) load
I (151) esp_image: segment 2: paddr=0004ed14 vaddr=40374000 size=01304h (  4868) load
I (154) esp_image: segment 3: paddr=00050020 vaddr=42000020 size=a1e28h (663080) map
I (280) esp_image: segment 4: paddr=000f1e50 vaddr=40375304 size=1463ch ( 83516) load
I (308) boot: Loaded app from partition at offset 0x10000
I (308) boot: Disabling RNG early entropy source...
I (320) cpu_start: Multicore app
I (329) cpu_start: Pro cpu start user code
I (329) cpu_start: cpu freq: 160000000 Hz
I (329) app_init: Application information:
I (332) app_init: Project name:     inventory_scanner
I (337) app_init: App version:      1
I (342) app_init: Compile time:     Dec 17 2025 11:55:10
I (348) app_init: ELF file SHA256:  32b51ac36...
I (353) app_init: ESP-IDF:          v5.3.1-dirty
I (358) efuse_init: Min chip rev:     v0.0
I (363) efuse_init: Max chip rev:     v0.99
I (368) efuse_init: Chip rev:         v0.2
I (373) heap_init: Initializing. RAM available for dynamic allocation: